MSBUILD : error MSB1009: Die Projektdatei ist nicht vorhanden.
Schalter: ServUO.sln
